exports[`actualDelivery 1`] = `
Object {
  "day": "2016-11-23",
  "time": "13:37",
}
`;

exports[`attemptedDelivery 1`] = `
Object {
  "day": "2016-11-22",
  "time": "12:28",
}
`;
