exports[`receiver 1`] = `
Object {
  "countryCode": "BE",
  "municipality": "BRUGGE",
  "name": "THIBAULT MAEKELBERGH",
  "postcode": "8000",
}
`;
